<html>
<body>
<pre>
<h1>µVision Build Log</h1>
<h2>Tool Versions:</h2>
IDE-Version: ¦ÌVision V5.14.0.0
Copyright (C) 2015 ARM Ltd and ARM Germany GmbH. All rights reserved.
License Information: awezxd User, Microsoft, LIC=----
 
Tool Versions:
Toolchain:       MDK-Lite  Version: 5.14.0.0
Toolchain Path:  C:\Keil_v5\ARM\ARMCC\Bin
C Compiler:      Armcc.exe V5.05 update 1 (build 106)
Assembler:       Armasm.exe V5.05 update 1 (build 106)
Linker/Locator:  ArmLink.exe V5.05 update 1 (build 106)
Library Manager: ArmAr.exe V5.05 update 1 (build 106)
Hex Converter:   FromElf.exe V5.05 update 1 (build 106)
CPU DLL:         SARMCM3.DLL V5.14.0.0
Dialog DLL:      DCM.DLL V1.13.1.0
Target DLL:      STLink\ST-LINKIII-KEIL_SWO.dll V2.0.14.0_KEIL
Dialog DLL:      TCM.DLL V1.14.4.0
 
<h2>Project:</h2>
D:\´ÅÐü¸¡ÏµÍ³\´ÅÐü¸¡6\´ÅÐü¸¡ÅäÌ×³ÌÐòÔ­ÀíÍ¼\Ô´³ÌÐò\User\MagS_system.uvprojx
Project File Date:  11/21/2022

<h2>Output:</h2>
Build target 'MagS'
compiling ClkDevice.c...
compiling PwmDevice.c...
linking...
Program Size: Code=8868 RO-data=336 RW-data=68 ZI-data=2220  
FromELF: creating hex file...
"..\Object\MagS_system.axf" - 0 Error(s), 0 Warning(s).

<h2>Collection of Component include folders:</h2>
  D:\´ÅÐü¸¡ÏµÍ³\´ÅÐü¸¡6\´ÅÐü¸¡ÅäÌ×³ÌÐòÔ­ÀíÍ¼\Ô´³ÌÐò\User\RTE
  C:\Keil_v5\ARM\PACK\Keil\STM32F1xx_DFP\1.0.5\Device\Include

<h2>Collection of Component Files used:</h2>
</pre>
</body>
</html>
